
> passion-erp-system@1.0.0 build
> npm run build --prefix client


> pashion-erp-client@1.0.0 build
> vite build

[36mvite v5.4.20 [32mbuilding for production...[36m[39m
transforming...
[32m✓[39m 4229 modules transformed.
[1m[33m[plugin:vite:reporter][39m[22m [33m[plugin vite:reporter] 
(!) D:/projects/passion-clothing/client/src/utils/api.js is dynamically imported by D:/projects/passion-clothing/client/src/pages/dashboards/FinanceDashboard.jsx, D:/projects/passion-clothing/client/src/pages/dashboards/FinanceDashboard.jsx, D:/projects/passion-clothing/client/src/pages/dashboards/FinanceDashboard.jsx, D:/projects/passion-clothing/client/src/pages/dashboards/OutsourcingDashboard.jsx, D:/projects/passion-clothing/client/src/pages/dashboards/SamplesDashboard.jsx, D:/projects/passion-clothing/client/src/pages/dashboards/StoreDashboard.jsx, D:/projects/passion-clothing/client/src/pages/inventory/StockAlertsPage.jsx, D:/projects/passion-clothing/client/src/pages/inventory/StockManagementPage.jsx, D:/projects/passion-clothing/client/src/pages/inventory/StockManagementPage.jsx, D:/projects/passion-clothing/client/src/pages/inventory/StockManagementPage.jsx but also statically imported by D:/projects/passion-clothing/client/src/components/common/ProcessTracker.jsx, D:/projects/passion-clothing/client/src/components/common/RecentActivities.jsx, D:/projects/passion-clothing/client/src/components/dialogs/CreditNoteModal.jsx, D:/projects/passion-clothing/client/src/components/dialogs/SalesOrderDetailModal.jsx, D:/projects/passion-clothing/client/src/components/layout/Sidebar.jsx, D:/projects/passion-clothing/client/src/components/manufacturing/MaterialReturnModal.jsx, D:/projects/passion-clothing/client/src/components/manufacturing/ProductionTrackingWizard.jsx, D:/projects/passion-clothing/client/src/components/manufacturing/QRCodeScanner.jsx, D:/projects/passion-clothing/client/src/components/manufacturing/StageTrackingModal.jsx, D:/projects/passion-clothing/client/src/components/procurement/CreditNoteFlow.jsx, D:/projects/passion-clothing/client/src/components/procurement/EnhancedPOItemsBuilder_V2.jsx, D:/projects/passion-clothing/client/src/components/shipment/ReadyForShipmentDialog.jsx, D:/projects/passion-clothing/client/src/contexts/AuthContext.jsx, D:/projects/passion-clothing/client/src/hooks/useCustomers.js, D:/projects/passion-clothing/client/src/hooks/useProducts.js, D:/projects/passion-clothing/client/src/hooks/useVendors.js, D:/projects/passion-clothing/client/src/pages/AttendancePage.jsx, D:/projects/passion-clothing/client/src/pages/DevToolsPage.jsx, D:/projects/passion-clothing/client/src/pages/NotificationsPage.jsx, D:/projects/passion-clothing/client/src/pages/ProfilePage.jsx, D:/projects/passion-clothing/client/src/pages/RegistrationPage.jsx, D:/projects/passion-clothing/client/src/pages/admin/CourierAgentManagementPage.jsx, D:/projects/passion-clothing/client/src/pages/admin/RoleManagementPage.jsx, D:/projects/passion-clothing/client/src/pages/admin/UserManagementPage.jsx, D:/projects/passion-clothing/client/src/pages/challans/ChallanRegisterPage.jsx, D:/projects/passion-clothing/client/src/pages/challans/CreateChallanPage.jsx, D:/projects/passion-clothing/client/src/pages/dashboards/AdminDashboard.jsx, D:/projects/passion-clothing/client/src/pages/dashboards/ManufacturingDashboard.jsx, D:/projects/passion-clothing/client/src/pages/dashboards/ProcurementDashboard.jsx, D:/projects/passion-clothing/client/src/pages/dashboards/SalesDashboard.jsx, D:/projects/passion-clothing/client/src/pages/dashboards/ShipmentDashboard.jsx, D:/projects/passion-clothing/client/src/pages/finance/FinanceInvoicesPage.jsx, D:/projects/passion-clothing/client/src/pages/finance/FinanceReportsPage.jsx, D:/projects/passion-clothing/client/src/pages/finance/InvoiceDetailsPage.jsx, D:/projects/passion-clothing/client/src/pages/inventory/AddGRNToInventoryPage.jsx, D:/projects/passion-clothing/client/src/pages/inventory/CreateGRNPage.jsx, D:/projects/passion-clothing/client/src/pages/inventory/EnhancedInventoryDashboard.jsx, D:/projects/passion-clothing/client/src/pages/inventory/GRNExcessApprovalPage.jsx, D:/projects/passion-clothing/client/src/pages/inventory/GRNVerificationPage.jsx, D:/projects/passion-clothing/client/src/pages/inventory/GRNWorkflowDashboard.jsx, D:/projects/passion-clothing/client/src/pages/inventory/GoodsReceiptNotePage.jsx, D:/projects/passion-clothing/client/src/pages/inventory/InventoryBarcodeLookup.jsx, D:/projects/passion-clothing/client/src/pages/inventory/InventoryReportsPage.jsx, D:/projects/passion-clothing/client/src/pages/inventory/MRNRequestsPage.jsx, D:/projects/passion-clothing/client/src/pages/inventory/MaterialRequestReviewPage.jsx, D:/projects/passion-clothing/client/src/pages/inventory/POInventoryTrackingPage.jsx, D:/projects/passion-clothing/client/src/pages/inventory/ProjectAllocationDashboard.jsx, D:/projects/passion-clothing/client/src/pages/inventory/ProjectMaterialDashboard.jsx, D:/projects/passion-clothing/client/src/pages/inventory/StockDispatchPage.jsx, D:/projects/passion-clothing/client/src/pages/inventory/UpdateGRNPage.jsx, D:/projects/passion-clothing/client/src/pages/manufacturing/CreateMRMPage.jsx, D:/projects/passion-clothing/client/src/pages/manufacturing/MRMListPage.jsx, D:/projects/passion-clothing/client/src/pages/manufacturing/ManufacturingProductionRequestsPage.jsx, D:/projects/passion-clothing/client/src/pages/manufacturing/ManufacturingReportsPage.jsx, D:/projects/passion-clothing/client/src/pages/manufacturing/MaterialReceiptPage.jsx, D:/projects/passion-clothing/client/src/pages/manufacturing/MaterialRequirementsPage.jsx, D:/projects/passion-clothing/client/src/pages/manufacturing/OutsourceManagementPage.jsx, D:/projects/passion-clothing/client/src/pages/manufacturing/ProductionApprovalPage.jsx, D:/projects/passion-clothing/client/src/pages/manufacturing/ProductionDashboardPage.jsx, D:/projects/passion-clothing/client/src/pages/manufacturing/ProductionOperationsViewPage.jsx, D:/projects/passion-clothing/client/src/pages/manufacturing/ProductionOrdersPage.jsx, D:/projects/passion-clothing/client/src/pages/manufacturing/ProductionTrackingPage.jsx, D:/projects/passion-clothing/client/src/pages/manufacturing/ProductionWizardPage.jsx, D:/projects/passion-clothing/client/src/pages/manufacturing/QualityControlPage.jsx, D:/projects/passion-clothing/client/src/pages/manufacturing/StockVerificationPage.jsx, D:/projects/passion-clothing/client/src/pages/procurement/BillOfMaterialsPage.jsx, D:/projects/passion-clothing/client/src/pages/procurement/CreatePurchaseOrderPage.jsx, D:/projects/passion-clothing/client/src/pages/procurement/CreditNotesPage.jsx, D:/projects/passion-clothing/client/src/pages/procurement/GoodsReceiptPage.jsx, D:/projects/passion-clothing/client/src/pages/procurement/MaterialRequestsPage.jsx, D:/projects/passion-clothing/client/src/pages/procurement/PendingApprovalsPage.jsx, D:/projects/passion-clothing/client/src/pages/procurement/ProcurementReportsPage.jsx, D:/projects/passion-clothing/client/src/pages/procurement/ProductionRequestsPage.jsx, D:/projects/passion-clothing/client/src/pages/procurement/PurchaseOrderDetailsPage.jsx, D:/projects/passion-clothing/client/src/pages/procurement/PurchaseOrdersPage.jsx, D:/projects/passion-clothing/client/src/pages/procurement/VendorPerformancePage.jsx, D:/projects/passion-clothing/client/src/pages/procurement/VendorsPage.jsx, D:/projects/passion-clothing/client/src/pages/sales/CreateSalesOrderPage.jsx, D:/projects/passion-clothing/client/src/pages/sales/EditSalesOrderPage.jsx, D:/projects/passion-clothing/client/src/pages/sales/SalesOrderDetailsPage.jsx, D:/projects/passion-clothing/client/src/pages/sales/SalesOrdersPage.jsx, D:/projects/passion-clothing/client/src/pages/sales/SalesReportsPage.jsx, D:/projects/passion-clothing/client/src/pages/samples/SamplesReportsPage.jsx, D:/projects/passion-clothing/client/src/pages/shipment/CourierAgentLoginPage.jsx, D:/projects/passion-clothing/client/src/pages/shipment/CreateShipmentPage.jsx, D:/projects/passion-clothing/client/src/pages/shipment/ShipmentDispatchPage.jsx, D:/projects/passion-clothing/client/src/pages/shipment/ShipmentReportsPage.jsx, D:/projects/passion-clothing/client/src/pages/shipment/ShippingDashboardPage.jsx, dynamic import will not move module into another chunk.
[39m
rendering chunks...
computing gzip size...
[2mdist/[22m[32mindex.html                       [39m[1m[2m    0.96 kB[22m[1m[22m[2m │ gzip:     0.50 kB[22m
[2mdist/[22m[32massets/slick-BlzDm7g2.svg        [39m[1m[2m    2.15 kB[22m[1m[22m[2m │ gzip:     0.91 kB[22m
[2mdist/[22m[32massets/ajax-loader-BcnMEykj.gif  [39m[1m[2m    4.18 kB[22m[1m[22m
[2mdist/[22m[35massets/index-B8iyZzMf.css        [39m[1m[2m  154.30 kB[22m[1m[22m[2m │ gzip:    22.76 kB[22m
[2mdist/[22m[36massets/index-CRVpeIWj.js         [39m[1m[33m6,608.28 kB[39m[22m[2m │ gzip: 1,122.03 kB[22m
[33m
(!) Some chunks are larger than 500 kB after minification. Consider:
- Using dynamic import() to code-split the application
- Use build.rollupOptions.output.manualChunks to improve chunking: https://rollupjs.org/configuration-options/#output-manualchunks
- Adjust chunk size limit for this warning via build.chunkSizeWarningLimit.[39m
[32m✓ built in 17.37s[39m
